
X fix/pipeline-coverage CI/CD Pipeline #9 · 30286251715
Triggered via pull_request about 3 hours ago

JOBS
X Fullstack Build and Tests in 4m59s (ID 90044658024)
  ✓ Set up job
  ✓ Checkout Code
  ✓ Set up Java 21
  ✓ Set up Node.js
  ✓ Install Frontend Dependencies
  ✓ Run Frontend Linter
  ✓ Run Frontend Unit Tests
  ✓ Build and Test Backend (includes Quinoa Frontend Build)
  ✓ Start Backend in Background (for E2E)
  ✓ Install Playwright Browsers
  X Run E2E Tests
  - Post Set up Node.js
  ✓ Post Set up Java 21
  ✓ Post Checkout Code
  ✓ Complete job

ANNOTATIONS
! Node.js 20 is deprecated. The following actions target Node.js 20 but are being forced to run on Node.js 24: actions/checkout@v4, actions/setup-java@v4, actions/setup-node@v4. For more information see: https://github.blog/changelog/2025-09-19-deprecation-of-node-20-on-github-actions-runners/
Fullstack Build and Tests: .github#8

X Process completed with exit code 1.
Fullstack Build and Tests: .github#166


To see what failed, try: gh run view 30286251715 --log-failed
View this run on GitHub: https://github.com/hbbucker/cifrAS/actions/runs/30286251715
