[INFO] Scanning for projects...
[INFO] 
[INFO] --------------------< br.com.cifras:cifras-backend >--------------------
[INFO] Building cifras-backend 1.0.0-SNAPSHOT
[INFO]   from pom.xml
[INFO] ------------------------------[ quarkus ]-------------------------------
[WARNING] The artifact io.quarkus:quarkus-junit5:jar:3.35.4 has been relocated to io.quarkus:quarkus-junit:jar:3.35.4: Update the artifactId in your project build file. Refer to https://github.com/quarkusio/quarkus/wiki/Migration-Guide-3.31 for more information.
[WARNING] The artifact io.quarkus:quarkus-junit5-mockito:jar:3.35.4 has been relocated to io.quarkus:quarkus-junit-mockito:jar:3.35.4: Update the artifactId in your project build file. Refer to https://github.com/quarkusio/quarkus/wiki/Migration-Guide-3.31 for more information.
[INFO] 
[INFO] --- clean:3.2.0:clean (default-clean) @ cifras-backend ---
[INFO] Deleting /home/bucker/Documentos/Projecsts/cifrAS/backend/target
[INFO] 
[INFO] --- resources:3.3.1:resources (default-resources) @ cifras-backend ---
[INFO] Copying 1 resource from src/main/resources to target/classes
[INFO] 
[INFO] --- quarkus:3.35.4:generate-code (default-generate-code) @ cifras-backend ---
[INFO] 
[INFO] --- compiler:3.15.0:compile (default-compile) @ cifras-backend ---
[INFO] Recompiling the module because of changed source code.
[INFO] Compiling 44 source files with javac [debug parameters release 21] to target/classes
[INFO] 
[INFO] --- resources:3.3.1:testResources (default-testResources) @ cifras-backend ---
[INFO] Copying 2 resources from src/test/resources to target/test-classes
[INFO] 
[INFO] --- quarkus:3.35.4:generate-code-tests (default-generate-code-tests) @ cifras-backend ---
[INFO] 
[INFO] --- compiler:3.15.0:testCompile (default-testCompile) @ cifras-backend ---
[INFO] Recompiling the module because of changed dependency.
[INFO] Compiling 13 source files with javac [debug parameters release 21] to target/test-classes
[INFO] 
[INFO] --- surefire:3.5.4:test (default-test) @ cifras-backend ---
[INFO] Using auto detected provider org.apache.maven.surefire.junitplatform.JUnitPlatformProvider
[INFO] 
[INFO] -------------------------------------------------------
[INFO]  T E S T S
[INFO] -------------------------------------------------------
2026-05-23 10:28:19,002 INFO  [org.testcontainers.DockerClientFactory] (build-2) Testcontainers version: 2.0.5
2026-05-23 10:28:19,236 INFO  [org.testcontainers.dockerclient.DockerClientProviderStrategy] (build-2) Loaded org.testcontainers.dockerclient.UnixSocketClientProviderStrategy from ~/.testcontainers.properties, will try it first
2026-05-23 10:28:19,623 INFO  [org.testcontainers.dockerclient.DockerClientProviderStrategy] (build-2) Found Docker environment with local Unix socket (unix:///var/run/docker.sock)
2026-05-23 10:28:19,629 INFO  [org.testcontainers.DockerClientFactory] (build-2) Docker host IP address is localhost
2026-05-23 10:28:19,682 INFO  [org.testcontainers.DockerClientFactory] (build-2) Connected to docker: 
  Server Version: 25.0.2
  API Version: 1.44
  Operating System: Ubuntu 24.04.4 LTS
  Total Memory: 31941 MB
2026-05-23 10:28:19,711 INFO  [org.testcontainers.images.PullPolicy] (build-2) Image pull policy will be performed by: DefaultPullPolicy()
2026-05-23 10:28:19,714 INFO  [org.testcontainers.utility.ImageNameSubstitutor] (build-2) Image name substitution will be performed by: DefaultImageNameSubstitutor (composite of 'ConfigurationFileImageNameSubstitutor' and 'PrefixingImageNameSubstitutor')
2026-05-23 10:28:19,720 INFO  [org.testcontainers.DockerClientFactory] (build-2) Checking the system...
2026-05-23 10:28:19,721 INFO  [org.testcontainers.DockerClientFactory] (build-2) ✔︎ Docker server version should be at least 1.6.0
[INFO] Running br.com.cifras.auth.resource.AuthResourceTest
2026-05-23 10:28:21,030 INFO  [tc.postgres:16-alpine] (ForkJoinPool.commonPool-worker-1) Creating container for image: postgres:16-alpine
2026-05-23 10:28:21,042 WARN  [tc.postgres:16-alpine] (ForkJoinPool.commonPool-worker-1) Reuse was requested but the environment does not support the reuse of containers
To enable reuse of containers, you must set 'testcontainers.reuse.enable=true' in a file located at /home/bucker/.testcontainers.properties
2026-05-23 10:28:21,042 INFO  [tc.testcontainers/ryuk:0.14.0] (ForkJoinPool.commonPool-worker-1) Creating container for image: testcontainers/ryuk:0.14.0
2026-05-23 10:28:21,129 INFO  [tc.testcontainers/ryuk:0.14.0] (ForkJoinPool.commonPool-worker-1) Container testcontainers/ryuk:0.14.0 is starting: 5a27e08a0b1481ff5135725e6d32932a6021f61d5719416dd625adb7e4a8c2b1
2026-05-23 10:28:21,496 INFO  [tc.testcontainers/ryuk:0.14.0] (ForkJoinPool.commonPool-worker-1) Container testcontainers/ryuk:0.14.0 started in PT0.453385597S
2026-05-23 10:28:21,529 INFO  [tc.postgres:16-alpine] (ForkJoinPool.commonPool-worker-1) Container postgres:16-alpine is starting: 734c5af6a97adcc76300f0ce2ae14a4b2b599db64a19894ef9c838a54fd1cf5e
2026-05-23 10:28:23,579 INFO  [tc.postgres:16-alpine] (ForkJoinPool.commonPool-worker-1) Container postgres:16-alpine started in PT2.548277117S
2026-05-23 10:28:23,579 INFO  [tc.postgres:16-alpine] (ForkJoinPool.commonPool-worker-1) Container is started (JDBC URL: jdbc:postgresql://localhost:32813/quarkus?loggerLevel=OFF)
2026-05-23 10:28:23,581 INFO  [io.quarkus.datasource.deployment.devservices.DevServicesDatasourceProcessor] (ForkJoinPool.commonPool-worker-1) Dev Services for default datasource (postgresql) started - container ID is 734c5af6a97a
2026-05-23 10:28:23,784 INFO  [org.hibernate.orm.jpa] (main) HHH008540: Processing PersistenceUnitInfo [name: <default>]
2026-05-23 10:28:23,812 INFO  [org.hibernate.orm.core] (main) HHH000001: Hibernate ORM core version 7.3.4.Final
2026-05-23 10:28:23,962 WARN  [org.hibernate.orm.deprecation] (main) HHH90000025: PostgreSQLDialect does not need to be specified explicitly using 'hibernate.dialect' (remove the property setting and it will be selected by default)
2026-05-23 10:28:23,973 INFO  [org.hibernate.orm.connections.pooling] (main) HHH10001005: Database info:
	Database JDBC URL [undefined/unknown]
	Database driver: undefined/unknown
	Database dialect: PostgreSQLDialect
	Database version: 13.0
	Default catalog/schema: unknown/unknown
	Autocommit mode: undefined/unknown
	Isolation level: <unknown>
	JDBC fetch size: undefined/unknown
	Pool: undefined/unknown
	Minimum pool size: undefined/unknown
	Maximum pool size: undefined/unknown
2026-05-23 10:28:24,149 INFO  [org.hibernate.validator.internal.util.Version] (main) HV000001: Hibernate Validator 9.1.0.Final
2026-05-23 10:28:24,590 WARN  [io.quarkus.config] (main) The "quarkus.hibernate-orm.database.generation" config property is deprecated and should not be used anymore.
2026-05-23 10:28:25,454 INFO  [io.quarkus] (main) cifras-backend 1.0.0-SNAPSHOT on JVM (powered by Quarkus 3.35.4) started in 7.919s. Listening on: http://localhost:8081
2026-05-23 10:28:25,454 INFO  [io.quarkus] (main) Profile test activated. 
2026-05-23 10:28:25,454 INFO  [io.quarkus] (main) Installed features: [agroal, cdi, compose, hibernate-orm, hibernate-orm-panache, hibernate-validator, jacoco, jdbc-postgresql, narayana-jta, rest, rest-client, rest-client-jackson, rest-jackson, security, smallrye-context-propagation, smallrye-jwt, vertx]
2026-05-23 10:28:26,876 ERROR [br.com.cifras.shared.exception.GlobalExceptionMapper] (executor-thread-1) Unhandled exception [traceId=883087c7-fb37-45df-8379-c46642edd79d]: jakarta.ws.rs.ProcessingException: java.net.UnknownHostException: placeholder.supabase.co: Nome ou serviço desconhecido
	at org.jboss.resteasy.reactive.client.handlers.ClientSendRequestHandler$2.accept(ClientSendRequestHandler.java:249)
	at org.jboss.resteasy.reactive.client.handlers.ClientSendRequestHandler$2.accept(ClientSendRequestHandler.java:241)
	at io.smallrye.context.impl.wrappers.SlowContextualConsumer.accept(SlowContextualConsumer.java:21)
	at io.smallrye.mutiny.helpers.UniCallbackSubscriber.onFailure(UniCallbackSubscriber.java:62)
	at io.smallrye.mutiny.operators.uni.UniOperatorProcessor.onFailure(UniOperatorProcessor.java:55)
	at org.jboss.resteasy.reactive.client.AsyncResultUni.lambda$subscribe$1(AsyncResultUni.java:37)
	at io.vertx.core.impl.future.FutureImpl$4.onFailure(FutureImpl.java:188)
	at io.vertx.core.impl.future.FutureBase.lambda$emitFailure$1(FutureBase.java:75)
	at io.vertx.core.impl.ContextImpl.execute(ContextImpl.java:312)
	at io.vertx.core.impl.DuplicatedContext.execute(DuplicatedContext.java:168)
	at io.vertx.core.impl.future.FutureBase.emitFailure(FutureBase.java:72)
	at io.vertx.core.impl.future.FutureImpl.tryFail(FutureImpl.java:278)
	at io.vertx.core.http.impl.HttpClientImpl.lambda$doRequest$4(HttpClientImpl.java:398)
	at io.vertx.core.net.impl.pool.Endpoint.lambda$getConnection$0(Endpoint.java:52)
	at io.vertx.core.http.impl.SharedClientHttpStreamEndpoint$Request.handle(SharedClientHttpStreamEndpoint.java:162)
	at io.vertx.core.http.impl.SharedClientHttpStreamEndpoint$Request.handle(SharedClientHttpStreamEndpoint.java:123)
	at io.vertx.core.impl.ContextImpl.emit(ContextImpl.java:342)
	at io.vertx.core.impl.ContextImpl.emit(ContextImpl.java:335)
	at io.vertx.core.net.impl.pool.SimpleConnectionPool$ConnectFailed$1.run(SimpleConnectionPool.java:380)
	at io.vertx.core.net.impl.pool.Task.runNextTasks(Task.java:43)
	at io.vertx.core.net.impl.pool.CombinerExecutor.submit(CombinerExecutor.java:91)
	at io.vertx.core.net.impl.pool.SimpleConnectionPool.execute(SimpleConnectionPool.java:244)
	at io.vertx.core.net.impl.pool.SimpleConnectionPool.acquire(SimpleConnectionPool.java:639)
	at io.vertx.core.http.impl.SharedClientHttpStreamEndpoint$Request.acquire(SharedClientHttpStreamEndpoint.java:166)
	at io.vertx.core.http.impl.SharedClientHttpStreamEndpoint.requestConnection2(SharedClientHttpStreamEndpoint.java:173)
	at io.vertx.core.http.impl.ClientHttpEndpointBase.requestConnection(ClientHttpEndpointBase.java:49)
	at io.vertx.core.net.impl.pool.Endpoint.getConnection(Endpoint.java:41)
	at io.vertx.core.net.impl.pool.ConnectionManager.getConnection(ConnectionManager.java:51)
	at io.vertx.core.http.impl.HttpClientImpl.doRequest(HttpClientImpl.java:368)
	at io.vertx.core.http.impl.HttpClientImpl.doRequest(HttpClientImpl.java:325)
	at io.vertx.core.http.impl.HttpClientImpl.request(HttpClientImpl.java:184)
	at org.jboss.resteasy.reactive.client.handlers.ClientSendRequestHandler$5.lambda$apply$0(ClientSendRequestHandler.java:482)
	at io.smallrye.context.impl.wrappers.SlowContextualConsumer.accept(SlowContextualConsumer.java:21)
	at org.jboss.resteasy.reactive.client.AsyncResultUni.subscribe(AsyncResultUni.java:31)
	at io.smallrye.mutiny.operators.AbstractUni.subscribe(AbstractUni.java:35)
	at io.smallrye.mutiny.operators.uni.UniOnItemTransformToUni$UniOnItemTransformToUniProcessor.performInnerSubscription(UniOnItemTransformToUni.java:81)
	at io.smallrye.mutiny.operators.uni.UniOnItemTransformToUni$UniOnItemTransformToUniProcessor.onItem(UniOnItemTransformToUni.java:57)
	at io.smallrye.mutiny.operators.uni.UniOnItemConsume$UniOnItemComsumeProcessor.onItem(UniOnItemConsume.java:47)
	at io.smallrye.mutiny.operators.uni.UniOnItemTransform$UniOnItemTransformProcessor.onItem(UniOnItemTransform.java:43)
	at io.smallrye.mutiny.operators.uni.builders.UniCreateFromKnownItem$KnownItemSubscription.forward(UniCreateFromKnownItem.java:42)
	at io.smallrye.mutiny.operators.uni.builders.UniCreateFromKnownItem.subscribe(UniCreateFromKnownItem.java:23)
	at io.smallrye.mutiny.operators.AbstractUni.subscribe(AbstractUni.java:35)
	at io.smallrye.mutiny.operators.uni.UniOnItemTransform.subscribe(UniOnItemTransform.java:22)
	at io.smallrye.mutiny.operators.AbstractUni.subscribe(AbstractUni.java:35)
	at io.smallrye.mutiny.operators.uni.UniOnItemConsume.subscribe(UniOnItemConsume.java:34)
	at io.smallrye.mutiny.operators.AbstractUni.subscribe(AbstractUni.java:35)
	at io.smallrye.mutiny.operators.uni.UniOnItemTransformToUni.subscribe(UniOnItemTransformToUni.java:25)
	at io.smallrye.mutiny.operators.AbstractUni.subscribe(AbstractUni.java:35)
	at io.smallrye.mutiny.groups.UniSubscribe.withSubscriber(UniSubscribe.java:51)
	at io.smallrye.mutiny.groups.UniSubscribe.with(UniSubscribe.java:110)
	at io.smallrye.mutiny.groups.UniSubscribe.with(UniSubscribe.java:88)
	at org.jboss.resteasy.reactive.client.handlers.ClientSendRequestHandler.handle(ClientSendRequestHandler.java:111)
	at org.jboss.resteasy.reactive.client.handlers.ClientSendRequestHandler.handle(ClientSendRequestHandler.java:71)
	at org.jboss.resteasy.reactive.common.core.AbstractResteasyReactiveContext.invokeHandler(AbstractResteasyReactiveContext.java:231)
	at org.jboss.resteasy.reactive.common.core.AbstractResteasyReactiveContext.run(AbstractResteasyReactiveContext.java:147)
	at io.smallrye.context.impl.wrappers.SlowContextualRunnable.run(SlowContextualRunnable.java:19)
	at org.jboss.resteasy.reactive.client.handlers.ClientSwitchToRequestContextRestHandler$1$1.handle(ClientSwitchToRequestContextRestHandler.java:38)
	at org.jboss.resteasy.reactive.client.handlers.ClientSwitchToRequestContextRestHandler$1$1.handle(ClientSwitchToRequestContextRestHandler.java:35)
	at io.vertx.core.impl.ContextInternal.dispatch(ContextInternal.java:270)
	at io.vertx.core.impl.ContextInternal.dispatch(ContextInternal.java:252)
	at io.vertx.core.impl.ContextInternal.lambda$runOnContext$0(ContextInternal.java:50)
	at io.netty.util.concurrent.AbstractEventExecutor.runTask(AbstractEventExecutor.java:173)
	at io.netty.util.concurrent.AbstractEventExecutor.safeExecute(AbstractEventExecutor.java:166)
	at io.netty.util.concurrent.SingleThreadEventExecutor.runAllTasks(SingleThreadEventExecutor.java:472)
	at io.netty.channel.nio.NioEventLoop.run(NioEventLoop.java:569)
	at io.netty.util.concurrent.SingleThreadEventExecutor$4.run(SingleThreadEventExecutor.java:998)
	at io.netty.util.internal.ThreadExecutorMap$2.run(ThreadExecutorMap.java:74)
	at io.netty.util.concurrent.FastThreadLocalRunnable.run(FastThreadLocalRunnable.java:30)
	at java.base/java.lang.Thread.run(Thread.java:1583)
Caused by: java.net.UnknownHostException: placeholder.supabase.co: Nome ou serviço desconhecido
	at java.base/java.net.Inet6AddressImpl.lookupAllHostAddr(Native Method)
	at java.base/java.net.Inet6AddressImpl.lookupAllHostAddr(Inet6AddressImpl.java:52)
	at java.base/java.net.InetAddress$PlatformResolver.lookupByName(InetAddress.java:1211)
	at java.base/java.net.InetAddress.getAddressesFromNameService(InetAddress.java:1828)
	at java.base/java.net.InetAddress$NameServiceAddresses.get(InetAddress.java:1139)
	at java.base/java.net.InetAddress.getAllByName0(InetAddress.java:1818)
	at java.base/java.net.InetAddress.getAllByName(InetAddress.java:1688)
	at java.base/java.net.InetAddress.getByName(InetAddress.java:1568)
	at io.netty.util.internal.SocketUtils$8.run(SocketUtils.java:156)
	at io.netty.util.internal.SocketUtils$8.run(SocketUtils.java:153)
	at java.base/java.security.AccessController.doPrivileged(AccessController.java:571)
	at io.netty.util.internal.SocketUtils.addressByName(SocketUtils.java:153)
	at io.netty.resolver.DefaultNameResolver.doResolve(DefaultNameResolver.java:41)
	at io.netty.resolver.SimpleNameResolver.resolve(SimpleNameResolver.java:61)
	at io.netty.resolver.SimpleNameResolver.resolve(SimpleNameResolver.java:53)
	at io.netty.resolver.InetSocketAddressResolver.doResolve(InetSocketAddressResolver.java:55)
	at io.netty.resolver.InetSocketAddressResolver.doResolve(InetSocketAddressResolver.java:31)
	at io.netty.resolver.AbstractAddressResolver.resolve(AbstractAddressResolver.java:106)
	at io.netty.bootstrap.Bootstrap.doResolveAndConnect0(Bootstrap.java:220)
	at io.netty.bootstrap.Bootstrap.doResolveAndConnect(Bootstrap.java:171)
	at io.netty.bootstrap.Bootstrap.connect(Bootstrap.java:148)
	at io.vertx.core.net.impl.ChannelProvider.handleConnect(ChannelProvider.java:161)
	at io.vertx.core.net.impl.ChannelProvider.connect(ChannelProvider.java:112)
	at io.vertx.core.net.impl.ChannelProvider.connect(ChannelProvider.java:98)
	at io.vertx.core.net.impl.NetClientImpl.connectInternal2(NetClientImpl.java:308)
	at io.vertx.core.net.impl.NetClientImpl.lambda$connectInternal$2(NetClientImpl.java:273)
	at io.vertx.core.impl.future.FutureImpl$4.onSuccess(FutureImpl.java:176)
	at io.vertx.core.impl.future.FutureBase.emitSuccess(FutureBase.java:66)
	at io.vertx.core.impl.future.FutureImpl.addListener(FutureImpl.java:231)
	at io.vertx.core.impl.future.FutureImpl.onComplete(FutureImpl.java:199)
	at io.vertx.core.net.impl.NetClientImpl.connectInternal(NetClientImpl.java:271)
	at io.vertx.core.http.impl.HttpChannelConnector.connect(HttpChannelConnector.java:90)
	at io.vertx.core.http.impl.HttpChannelConnector.httpConnect(HttpChannelConnector.java:148)
	at io.vertx.core.http.impl.SharedClientHttpStreamEndpoint.connect(SharedClientHttpStreamEndpoint.java:82)
	at io.vertx.core.net.impl.pool.SimpleConnectionPool.connect(SimpleConnectionPool.java:253)
	at io.vertx.core.net.impl.pool.SimpleConnectionPool$Acquire$3.run(SimpleConnectionPool.java:595)
	... 50 more

2026-05-23 10:28:26,907 ERROR [br.com.cifras.shared.exception.GlobalExceptionMapper] (executor-thread-1) Unhandled exception [traceId=e2c7d977-32b8-47ae-8e4e-4e2e76bb0f0c]: jakarta.ws.rs.ProcessingException: java.net.UnknownHostException: placeholder.supabase.co
	at org.jboss.resteasy.reactive.client.handlers.ClientSendRequestHandler$2.accept(ClientSendRequestHandler.java:249)
	at org.jboss.resteasy.reactive.client.handlers.ClientSendRequestHandler$2.accept(ClientSendRequestHandler.java:241)
	at io.smallrye.context.impl.wrappers.SlowContextualConsumer.accept(SlowContextualConsumer.java:21)
	at io.smallrye.mutiny.helpers.UniCallbackSubscriber.onFailure(UniCallbackSubscriber.java:62)
	at io.smallrye.mutiny.operators.uni.UniOperatorProcessor.onFailure(UniOperatorProcessor.java:55)
	at org.jboss.resteasy.reactive.client.AsyncResultUni.lambda$subscribe$1(AsyncResultUni.java:37)
	at io.vertx.core.impl.future.FutureImpl$4.onFailure(FutureImpl.java:188)
	at io.vertx.core.impl.future.FutureBase.lambda$emitFailure$1(FutureBase.java:75)
	at io.vertx.core.impl.ContextImpl.execute(ContextImpl.java:312)
	at io.vertx.core.impl.DuplicatedContext.execute(DuplicatedContext.java:168)
	at io.vertx.core.impl.future.FutureBase.emitFailure(FutureBase.java:72)
	at io.vertx.core.impl.future.FutureImpl.tryFail(FutureImpl.java:278)
	at io.vertx.core.http.impl.HttpClientImpl.lambda$doRequest$4(HttpClientImpl.java:398)
	at io.vertx.core.net.impl.pool.Endpoint.lambda$getConnection$0(Endpoint.java:52)
	at io.vertx.core.http.impl.SharedClientHttpStreamEndpoint$Request.handle(SharedClientHttpStreamEndpoint.java:162)
	at io.vertx.core.http.impl.SharedClientHttpStreamEndpoint$Request.handle(SharedClientHttpStreamEndpoint.java:123)
	at io.vertx.core.impl.ContextImpl.emit(ContextImpl.java:342)
	at io.vertx.core.impl.ContextImpl.emit(ContextImpl.java:335)
	at io.vertx.core.net.impl.pool.SimpleConnectionPool$ConnectFailed$1.run(SimpleConnectionPool.java:380)
	at io.vertx.core.net.impl.pool.Task.runNextTasks(Task.java:43)
	at io.vertx.core.net.impl.pool.CombinerExecutor.submit(CombinerExecutor.java:91)
	at io.vertx.core.net.impl.pool.SimpleConnectionPool.execute(SimpleConnectionPool.java:244)
	at io.vertx.core.net.impl.pool.SimpleConnectionPool.acquire(SimpleConnectionPool.java:639)
	at io.vertx.core.http.impl.SharedClientHttpStreamEndpoint$Request.acquire(SharedClientHttpStreamEndpoint.java:166)
	at io.vertx.core.http.impl.SharedClientHttpStreamEndpoint.requestConnection2(SharedClientHttpStreamEndpoint.java:173)
	at io.vertx.core.http.impl.ClientHttpEndpointBase.requestConnection(ClientHttpEndpointBase.java:49)
	at io.vertx.core.net.impl.pool.Endpoint.getConnection(Endpoint.java:41)
	at io.vertx.core.net.impl.pool.ConnectionManager.getConnection(ConnectionManager.java:51)
	at io.vertx.core.http.impl.HttpClientImpl.doRequest(HttpClientImpl.java:368)
	at io.vertx.core.http.impl.HttpClientImpl.doRequest(HttpClientImpl.java:325)
	at io.vertx.core.http.impl.HttpClientImpl.request(HttpClientImpl.java:184)
	at org.jboss.resteasy.reactive.client.handlers.ClientSendRequestHandler$5.lambda$apply$0(ClientSendRequestHandler.java:482)
	at io.smallrye.context.impl.wrappers.SlowContextualConsumer.accept(SlowContextualConsumer.java:21)
	at org.jboss.resteasy.reactive.client.AsyncResultUni.subscribe(AsyncResultUni.java:31)
	at io.smallrye.mutiny.operators.AbstractUni.subscribe(AbstractUni.java:35)
	at io.smallrye.mutiny.operators.uni.UniOnItemTransformToUni$UniOnItemTransformToUniProcessor.performInnerSubscription(UniOnItemTransformToUni.java:81)
	at io.smallrye.mutiny.operators.uni.UniOnItemTransformToUni$UniOnItemTransformToUniProcessor.onItem(UniOnItemTransformToUni.java:57)
	at io.smallrye.mutiny.operators.uni.UniOnItemConsume$UniOnItemComsumeProcessor.onItem(UniOnItemConsume.java:47)
	at io.smallrye.mutiny.operators.uni.UniOnItemTransform$UniOnItemTransformProcessor.onItem(UniOnItemTransform.java:43)
	at io.smallrye.mutiny.operators.uni.builders.UniCreateFromKnownItem$KnownItemSubscription.forward(UniCreateFromKnownItem.java:42)
	at io.smallrye.mutiny.operators.uni.builders.UniCreateFromKnownItem.subscribe(UniCreateFromKnownItem.java:23)
	at io.smallrye.mutiny.operators.AbstractUni.subscribe(AbstractUni.java:35)
	at io.smallrye.mutiny.operators.uni.UniOnItemTransform.subscribe(UniOnItemTransform.java:22)
	at io.smallrye.mutiny.operators.AbstractUni.subscribe(AbstractUni.java:35)
	at io.smallrye.mutiny.operators.uni.UniOnItemConsume.subscribe(UniOnItemConsume.java:34)
	at io.smallrye.mutiny.operators.AbstractUni.subscribe(AbstractUni.java:35)
	at io.smallrye.mutiny.operators.uni.UniOnItemTransformToUni.subscribe(UniOnItemTransformToUni.java:25)
	at io.smallrye.mutiny.operators.AbstractUni.subscribe(AbstractUni.java:35)
	at io.smallrye.mutiny.groups.UniSubscribe.withSubscriber(UniSubscribe.java:51)
	at io.smallrye.mutiny.groups.UniSubscribe.with(UniSubscribe.java:110)
	at io.smallrye.mutiny.groups.UniSubscribe.with(UniSubscribe.java:88)
	at org.jboss.resteasy.reactive.client.handlers.ClientSendRequestHandler.handle(ClientSendRequestHandler.java:111)
	at org.jboss.resteasy.reactive.client.handlers.ClientSendRequestHandler.handle(ClientSendRequestHandler.java:71)
	at org.jboss.resteasy.reactive.common.core.AbstractResteasyReactiveContext.invokeHandler(AbstractResteasyReactiveContext.java:231)
	at org.jboss.resteasy.reactive.common.core.AbstractResteasyReactiveContext.run(AbstractResteasyReactiveContext.java:147)
	at io.smallrye.context.impl.wrappers.SlowContextualRunnable.run(SlowContextualRunnable.java:19)
	at org.jboss.resteasy.reactive.client.handlers.ClientSwitchToRequestContextRestHandler$1$1.handle(ClientSwitchToRequestContextRestHandler.java:38)
	at org.jboss.resteasy.reactive.client.handlers.ClientSwitchToRequestContextRestHandler$1$1.handle(ClientSwitchToRequestContextRestHandler.java:35)
	at io.vertx.core.impl.ContextInternal.dispatch(ContextInternal.java:270)
	at io.vertx.core.impl.ContextInternal.dispatch(ContextInternal.java:252)
	at io.vertx.core.impl.ContextInternal.lambda$runOnContext$0(ContextInternal.java:50)
	at io.netty.util.concurrent.AbstractEventExecutor.runTask(AbstractEventExecutor.java:173)
	at io.netty.util.concurrent.AbstractEventExecutor.safeExecute(AbstractEventExecutor.java:166)
	at io.netty.util.concurrent.SingleThreadEventExecutor.runAllTasks(SingleThreadEventExecutor.java:472)
	at io.netty.channel.nio.NioEventLoop.run(NioEventLoop.java:569)
	at io.netty.util.concurrent.SingleThreadEventExecutor$4.run(SingleThreadEventExecutor.java:998)
	at io.netty.util.internal.ThreadExecutorMap$2.run(ThreadExecutorMap.java:74)
	at io.netty.util.concurrent.FastThreadLocalRunnable.run(FastThreadLocalRunnable.java:30)
	at java.base/java.lang.Thread.run(Thread.java:1583)
Caused by: java.net.UnknownHostException: placeholder.supabase.co
	at java.base/java.net.InetAddress$CachedLookup.get(InetAddress.java:988)
	at java.base/java.net.InetAddress.getAllByName0(InetAddress.java:1818)
	at java.base/java.net.InetAddress.getAllByName(InetAddress.java:1688)
	at java.base/java.net.InetAddress.getByName(InetAddress.java:1568)
	at io.netty.util.internal.SocketUtils$8.run(SocketUtils.java:156)
	at io.netty.util.internal.SocketUtils$8.run(SocketUtils.java:153)
	at java.base/java.security.AccessController.doPrivileged(AccessController.java:571)
	at io.netty.util.internal.SocketUtils.addressByName(SocketUtils.java:153)
	at io.netty.resolver.DefaultNameResolver.doResolve(DefaultNameResolver.java:41)
	at io.netty.resolver.SimpleNameResolver.resolve(SimpleNameResolver.java:61)
	at io.netty.resolver.SimpleNameResolver.resolve(SimpleNameResolver.java:53)
	at io.netty.resolver.InetSocketAddressResolver.doResolve(InetSocketAddressResolver.java:55)
	at io.netty.resolver.InetSocketAddressResolver.doResolve(InetSocketAddressResolver.java:31)
	at io.netty.resolver.AbstractAddressResolver.resolve(AbstractAddressResolver.java:106)
	at io.netty.bootstrap.Bootstrap.doResolveAndConnect0(Bootstrap.java:220)
	at io.netty.bootstrap.Bootstrap.doResolveAndConnect(Bootstrap.java:171)
	at io.netty.bootstrap.Bootstrap.connect(Bootstrap.java:148)
	at io.vertx.core.net.impl.ChannelProvider.handleConnect(ChannelProvider.java:161)
	at io.vertx.core.net.impl.ChannelProvider.connect(ChannelProvider.java:112)
	at io.vertx.core.net.impl.ChannelProvider.connect(ChannelProvider.java:98)
	at io.vertx.core.net.impl.NetClientImpl.connectInternal2(NetClientImpl.java:308)
	at io.vertx.core.net.impl.NetClientImpl.lambda$connectInternal$2(NetClientImpl.java:273)
	at io.vertx.core.impl.future.FutureImpl$4.onSuccess(FutureImpl.java:176)
	at io.vertx.core.impl.future.FutureBase.emitSuccess(FutureBase.java:66)
	at io.vertx.core.impl.future.FutureImpl.addListener(FutureImpl.java:231)
	at io.vertx.core.impl.future.FutureImpl.onComplete(FutureImpl.java:199)
	at io.vertx.core.net.impl.NetClientImpl.connectInternal(NetClientImpl.java:271)
	at io.vertx.core.http.impl.HttpChannelConnector.connect(HttpChannelConnector.java:90)
	at io.vertx.core.http.impl.HttpChannelConnector.httpConnect(HttpChannelConnector.java:148)
	at io.vertx.core.http.impl.SharedClientHttpStreamEndpoint.connect(SharedClientHttpStreamEndpoint.java:82)
	at io.vertx.core.net.impl.pool.SimpleConnectionPool.connect(SimpleConnectionPool.java:253)
	at io.vertx.core.net.impl.pool.SimpleConnectionPool$Acquire$3.run(SimpleConnectionPool.java:595)
	... 50 more

[INFO] Tests run: 4, Failures: 0, Errors: 0, Skipped: 0, Time elapsed: 5.948 s -- in br.com.cifras.auth.resource.AuthResourceTest
[INFO] Running br.com.cifras.group.resource.GroupResourceTest
[INFO] Tests run: 4, Failures: 0, Errors: 0, Skipped: 0, Time elapsed: 1.020 s -- in br.com.cifras.group.resource.GroupResourceTest
[INFO] Running br.com.cifras.group.service.GroupServiceTest
[INFO] Tests run: 6, Failures: 0, Errors: 0, Skipped: 0, Time elapsed: 0.104 s -- in br.com.cifras.group.service.GroupServiceTest
[INFO] Running br.com.cifras.playlist.resource.PlaylistResourceTest
[INFO] Tests run: 5, Failures: 0, Errors: 0, Skipped: 0, Time elapsed: 0.477 s -- in br.com.cifras.playlist.resource.PlaylistResourceTest
[INFO] Running br.com.cifras.playlist.service.PlaylistCollaborationTest
[INFO] Tests run: 2, Failures: 0, Errors: 0, Skipped: 0, Time elapsed: 0.045 s -- in br.com.cifras.playlist.service.PlaylistCollaborationTest
[INFO] Running br.com.cifras.playlist.service.PlaylistServiceTest
[INFO] Tests run: 5, Failures: 0, Errors: 0, Skipped: 0, Time elapsed: 0.041 s -- in br.com.cifras.playlist.service.PlaylistServiceTest
[INFO] Running br.com.cifras.shared.exception.GlobalExceptionMapperTest
2026-05-23 10:28:28,682 ERROR [br.com.cifras.shared.exception.GlobalExceptionMapper] (main) Unhandled exception [traceId=6426a844-f68c-4d01-a336-28794e336765]: java.lang.RuntimeException: Something exploded
	at br.com.cifras.shared.exception.GlobalExceptionMapperTest.givenGenericThrowable_whenMapped_thenReturns500WithTraceId(GlobalExceptionMapperTest.java:31)
	at java.base/jdk.internal.reflect.DirectMethodHandleAccessor.invoke(DirectMethodHandleAccessor.java:103)
	at java.base/java.lang.reflect.Method.invoke(Method.java:580)
	at io.quarkus.test.junit.QuarkusTestExtension.runExtensionMethod(QuarkusTestExtension.java:1005)
	at io.quarkus.test.junit.QuarkusTestExtension.interceptTestMethod(QuarkusTestExtension.java:852)
	at org.junit.jupiter.engine.execution.InterceptingExecutableInvoker$ReflectiveInterceptorCall.lambda$ofVoidMethod$0(InterceptingExecutableInvoker.java:123)
	at org.junit.jupiter.engine.execution.InterceptingExecutableInvoker.lambda$invoke$0(InterceptingExecutableInvoker.java:105)
	at org.junit.jupiter.engine.execution.InvocationInterceptorChain$InterceptedInvocation.proceed(InvocationInterceptorChain.java:99)
	at org.junit.jupiter.engine.extension.TimeoutExtension.intercept(TimeoutExtension.java:163)
	at org.junit.jupiter.engine.extension.TimeoutExtension.interceptTestableMethod(TimeoutExtension.java:148)
	at org.junit.jupiter.engine.extension.TimeoutExtension.interceptTestMethod(TimeoutExtension.java:86)
	at org.junit.jupiter.engine.execution.InterceptingExecutableInvoker$ReflectiveInterceptorCall.lambda$ofVoidMethod$0(InterceptingExecutableInvoker.java:123)
	at org.junit.jupiter.engine.execution.InterceptingExecutableInvoker.lambda$invoke$0(InterceptingExecutableInvoker.java:105)
	at org.junit.jupiter.engine.execution.InvocationInterceptorChain$InterceptedInvocation.proceed(InvocationInterceptorChain.java:99)
	at org.junit.jupiter.engine.execution.InvocationInterceptorChain.proceed(InvocationInterceptorChain.java:66)
	at org.junit.jupiter.engine.execution.InvocationInterceptorChain.chainAndInvoke(InvocationInterceptorChain.java:47)
	at org.junit.jupiter.engine.execution.InvocationInterceptorChain.invoke(InvocationInterceptorChain.java:39)
	at org.junit.jupiter.engine.execution.InterceptingExecutableInvoker.invoke(InterceptingExecutableInvoker.java:104)
	at org.junit.jupiter.engine.execution.InterceptingExecutableInvoker.invoke(InterceptingExecutableInvoker.java:98)
	at org.junit.jupiter.engine.execution.InterceptingExecutableInvoker.invokeVoid(InterceptingExecutableInvoker.java:71)
	at org.junit.jupiter.engine.descriptor.TestMethodTestDescriptor.lambda$invokeTestMethod$0(TestMethodTestDescriptor.java:219)
	at org.junit.platform.engine.support.hierarchical.ThrowableCollector.execute(ThrowableCollector.java:74)
	at org.junit.jupiter.engine.descriptor.TestMethodTestDescriptor.invokeTestMethod(TestMethodTestDescriptor.java:215)
	at org.junit.jupiter.engine.descriptor.TestMethodTestDescriptor.execute(TestMethodTestDescriptor.java:157)
	at org.junit.jupiter.engine.descriptor.TestMethodTestDescriptor.execute(TestMethodTestDescriptor.java:70)
	at org.junit.platform.engine.support.hierarchical.NodeTestTask.lambda$executeRecursively$2(NodeTestTask.java:176)
	at org.junit.platform.engine.support.hierarchical.ThrowableCollector.execute(ThrowableCollector.java:74)
	at org.junit.platform.engine.support.hierarchical.NodeTestTask.lambda$executeRecursively$1(NodeTestTask.java:166)
	at org.junit.platform.engine.support.hierarchical.Node.around(Node.java:138)
	at org.junit.platform.engine.support.hierarchical.NodeTestTask.lambda$executeRecursively$0(NodeTestTask.java:164)
	at org.junit.platform.engine.support.hierarchical.ThrowableCollector.execute(ThrowableCollector.java:74)
	at org.junit.platform.engine.support.hierarchical.NodeTestTask.executeRecursively(NodeTestTask.java:163)
	at org.junit.platform.engine.support.hierarchical.NodeTestTask.execute(NodeTestTask.java:116)
	at java.base/java.util.ArrayList.forEach(ArrayList.java:1596)
	at org.junit.platform.engine.support.hierarchical.SameThreadHierarchicalTestExecutorService.invokeAll(SameThreadHierarchicalTestExecutorService.java:42)
	at org.junit.platform.engine.support.hierarchical.NodeTestTask.lambda$executeRecursively$2(NodeTestTask.java:180)
	at org.junit.platform.engine.support.hierarchical.ThrowableCollector.execute(ThrowableCollector.java:74)
	at org.junit.platform.engine.support.hierarchical.NodeTestTask.lambda$executeRecursively$1(NodeTestTask.java:166)
	at org.junit.platform.engine.support.hierarchical.Node.around(Node.java:138)
	at org.junit.platform.engine.support.hierarchical.NodeTestTask.lambda$executeRecursively$0(NodeTestTask.java:164)
	at org.junit.platform.engine.support.hierarchical.ThrowableCollector.execute(ThrowableCollector.java:74)
	at org.junit.platform.engine.support.hierarchical.NodeTestTask.executeRecursively(NodeTestTask.java:163)
	at org.junit.platform.engine.support.hierarchical.NodeTestTask.execute(NodeTestTask.java:116)
	at java.base/java.util.ArrayList.forEach(ArrayList.java:1596)
	at org.junit.platform.engine.support.hierarchical.SameThreadHierarchicalTestExecutorService.invokeAll(SameThreadHierarchicalTestExecutorService.java:42)
	at org.junit.platform.engine.support.hierarchical.NodeTestTask.lambda$executeRecursively$2(NodeTestTask.java:180)
	at org.junit.platform.engine.support.hierarchical.ThrowableCollector.execute(ThrowableCollector.java:74)
	at org.junit.platform.engine.support.hierarchical.NodeTestTask.lambda$executeRecursively$1(NodeTestTask.java:166)
	at org.junit.platform.engine.support.hierarchical.Node.around(Node.java:138)
	at org.junit.platform.engine.support.hierarchical.NodeTestTask.lambda$executeRecursively$0(NodeTestTask.java:164)
	at org.junit.platform.engine.support.hierarchical.ThrowableCollector.execute(ThrowableCollector.java:74)
	at org.junit.platform.engine.support.hierarchical.NodeTestTask.executeRecursively(NodeTestTask.java:163)
	at org.junit.platform.engine.support.hierarchical.NodeTestTask.execute(NodeTestTask.java:116)
	at org.junit.platform.engine.support.hierarchical.SameThreadHierarchicalTestExecutorService.submit(SameThreadHierarchicalTestExecutorService.java:36)
	at org.junit.platform.engine.support.hierarchical.HierarchicalTestExecutor.execute(HierarchicalTestExecutor.java:52)
	at org.junit.platform.engine.support.hierarchical.HierarchicalTestEngine.execute(HierarchicalTestEngine.java:58)
	at org.junit.platform.launcher.core.EngineExecutionOrchestrator.executeEngine(EngineExecutionOrchestrator.java:246)
	at org.junit.platform.launcher.core.EngineExecutionOrchestrator.failOrExecuteEngine(EngineExecutionOrchestrator.java:218)
	at org.junit.platform.launcher.core.EngineExecutionOrchestrator.execute(EngineExecutionOrchestrator.java:179)
	at org.junit.platform.launcher.core.EngineExecutionOrchestrator.execute(EngineExecutionOrchestrator.java:108)
	at org.junit.platform.launcher.core.EngineExecutionOrchestrator.lambda$execute$0(EngineExecutionOrchestrator.java:66)
	at org.junit.platform.launcher.core.EngineExecutionOrchestrator.withInterceptedStreams(EngineExecutionOrchestrator.java:157)
	at org.junit.platform.launcher.core.EngineExecutionOrchestrator.execute(EngineExecutionOrchestrator.java:65)
	at org.junit.platform.launcher.core.DefaultLauncher.execute(DefaultLauncher.java:125)
	at org.junit.platform.launcher.core.DefaultLauncher.execute(DefaultLauncher.java:114)
	at org.junit.platform.launcher.core.DelegatingLauncher.execute(DelegatingLauncher.java:58)
	at org.junit.platform.launcher.core.InterceptingLauncher.lambda$execute$2(InterceptingLauncher.java:57)
	at org.junit.platform.launcher.core.ClasspathAlignmentCheckingLauncherInterceptor.intercept(ClasspathAlignmentCheckingLauncherInterceptor.java:25)
	at org.junit.platform.launcher.core.InterceptingLauncher.execute(InterceptingLauncher.java:56)
	at org.junit.platform.launcher.core.DelegatingLauncher.execute(DelegatingLauncher.java:58)
	at java.base/jdk.internal.reflect.DirectMethodHandleAccessor.invoke(DirectMethodHandleAccessor.java:103)
	at java.base/java.lang.reflect.Method.invoke(Method.java:580)
	at org.apache.maven.surefire.api.util.ReflectionUtils.invokeMethodWithArray(ReflectionUtils.java:125)
	at org.apache.maven.surefire.junitplatform.LauncherAdapter.executeWithCancellationToken(LauncherAdapter.java:68)
	at org.apache.maven.surefire.junitplatform.LauncherAdapter.execute(LauncherAdapter.java:54)
	at org.apache.maven.surefire.junitplatform.JUnitPlatformProvider.execute(JUnitPlatformProvider.java:203)
	at org.apache.maven.surefire.junitplatform.JUnitPlatformProvider.invokeAllTests(JUnitPlatformProvider.java:168)
	at org.apache.maven.surefire.junitplatform.JUnitPlatformProvider.invoke(JUnitPlatformProvider.java:136)
	at org.apache.maven.surefire.booter.ForkedBooter.runSuitesInProcess(ForkedBooter.java:385)
	at org.apache.maven.surefire.booter.ForkedBooter.execute(ForkedBooter.java:162)
	at org.apache.maven.surefire.booter.ForkedBooter.run(ForkedBooter.java:507)
	at org.apache.maven.surefire.booter.ForkedBooter.main(ForkedBooter.java:495)

[INFO] Tests run: 3, Failures: 0, Errors: 0, Skipped: 0, Time elapsed: 0.009 s -- in br.com.cifras.shared.exception.GlobalExceptionMapperTest
[INFO] Running br.com.cifras.shared.security.JwtValidationTest
[INFO] Tests run: 3, Failures: 0, Errors: 0, Skipped: 0, Time elapsed: 0.096 s -- in br.com.cifras.shared.security.JwtValidationTest
[INFO] Running br.com.cifras.song.resource.SongResourceTest
[INFO] Tests run: 7, Failures: 0, Errors: 0, Skipped: 0, Time elapsed: 0.270 s -- in br.com.cifras.song.resource.SongResourceTest
[INFO] Running br.com.cifras.song.resource.SongTranspositionTest
[INFO] Tests run: 4, Failures: 0, Errors: 0, Skipped: 0, Time elapsed: 0.251 s -- in br.com.cifras.song.resource.SongTranspositionTest
[INFO] Running br.com.cifras.song.service.SongServiceTest
[INFO] Tests run: 6, Failures: 0, Errors: 0, Skipped: 0, Time elapsed: 0.048 s -- in br.com.cifras.song.service.SongServiceTest
[INFO] Running br.com.cifras.song.domain.MusicalKeyTest
[INFO] Tests run: 18, Failures: 0, Errors: 0, Skipped: 0, Time elapsed: 0.071 s -- in br.com.cifras.song.domain.MusicalKeyTest
[INFO] Running br.com.cifras.song.service.TranspositionServiceTest
[INFO] Tests run: 17, Failures: 0, Errors: 0, Skipped: 0, Time elapsed: 0.017 s -- in br.com.cifras.song.service.TranspositionServiceTest
2026-05-23 10:28:29,493 INFO  [io.quarkus] (main) cifras-backend stopped in 0.026s
[INFO] 
[INFO] Results:
[INFO] 
[INFO] Tests run: 84, Failures: 0, Errors: 0, Skipped: 0
[INFO] 
[INFO] 
[INFO] --- quarkus:3.35.4:build (default-build) @ cifras-backend ---
[INFO] [io.quarkus.deployment.QuarkusAugmentor] Quarkus augmentation completed in 2949ms
[INFO] 
[INFO] --- failsafe:3.5.4:integration-test (default) @ cifras-backend ---
[INFO] Tests are skipped.
[INFO] 
[INFO] --- quarkus:3.35.4:native-image-agent (default-native-image-agent) @ cifras-backend ---
[INFO] 
[INFO] --- quarkus:3.35.4:build-enhanced-artifact (default-build-enhanced-artifact) @ cifras-backend ---
[INFO] 
[INFO] --- failsafe:3.5.4:verify (default) @ cifras-backend ---
[INFO] Tests are skipped.
[INFO] ------------------------------------------------------------------------
[INFO] BUILD SUCCESS
[INFO] ------------------------------------------------------------------------
[INFO] Total time:  22.245 s
[INFO] Finished at: 2026-05-23T10:28:33-03:00
[INFO] ------------------------------------------------------------------------
